// Jest Snapshot v1, https://goo.gl/fbAQLP

exports[`match snapshot 1`] = `
<div
  className="MuiPaper-root MuiPaper-elevation MuiPaper-rounded MuiPaper-elevation1 MuiCard-root css-bhp9pd-MuiPaper-root-MuiCard-root"
  data-testid="todo-1"
  style={
    {
      "marginTop": 10,
    }
  }
>
  <div
    className="media-container"
  >
    <a
      href="/image/52744629460"
      onClick={[Function]}
    >
      <img
        className="MuiCardMedia-root MuiCardMedia-media MuiCardMedia-img imageCard css-o69gx8-MuiCardMedia-root"
        src="https://live.staticflickr.com/65535/52744629460_6c4c4c4726_q.jpg"
      />
    </a>
  </div>
  <div
    className="MuiCardContent-root css-46bh2p-MuiCardContent-root"
  >
    <span
      className="MuiTypography-root MuiTypography-caption css-sppdzw-MuiTypography-root"
    >
      .:: ::.
    </span>
  </div>
</div>
`;
